
> site_indices@0.1.0 build
> next build

Ôû▓ Next.js 16.1.6 (Turbopack)

  Creating an optimized production build ...
node.exe : 
No linha:1 caractere:1
+ & "C:\Program Files\nodejs/node.exe" 
"C:\Program Files\nodejs/node_mo ...
+ ~~~~~~~~~~~~~~~~~~~~~~~~~~~~~~~~~~~~~~~~~~~
~~~~~~~~~~~~~~~~~~~~~~~~~~
    + CategoryInfo          : NotSpecified:  
   (:String) [], RemoteException
    + FullyQualifiedErrorId : NativeCommandE 
   rror
 
> Build error occurred
Error: Turbopack build failed with 2 errors:
./app/api/indicators/route.js:3:1
Module not found: Can't resolve 'sqlite'
[0m [90m 1 |[39m [36mimport[39m { 
[33mNextResponse[39m } [36mfrom[39m 
[32m'next/server'[39m[33m;[39m
 [90m 2 |[39m [36mimport[39m sqlite3 
[36mfrom[39m [32m'sqlite3'[39m[33m;[39m
[31m[1m>[22m[39m[90m 3 |[39m 
[36mimport[39m { open } [36mfrom[39m 
[32m'sqlite'[39m[33m;[39m
 [90m   |[39m [31m[1m^[22m[39m[31m[1m
^[22m[39m[31m[1m^[22m[39m[31m[1m^[22
m[39m[31m[1m^[22m[39m[31m[1m^[22m[39
m[31m[1m^[22m[39m[31m[1m^[22m[39m[31
m[1m^[22m[39m[31m[1m^[22m[39m[31m[1m
^[22m[39m[31m[1m^[22m[39m[31m[1m^[22
m[39m[31m[1m^[22m[39m[31m[1m^[22m[39
m[31m[1m^[22m[39m[31m[1m^[22m[39m[31
m[1m^[22m[39m[31m[1m^[22m[39m[31m[1m
^[22m[39m[31m[1m^[22m[39m[31m[1m^[22
m[39m[31m[1m^[22m[39m[31m[1m^[22m[39
m[31m[1m^[22m[39m[31m[1m^[22m[39m[31
m[1m^[22m[39m[31m[1m^[22m[39m[31m[1m
^[22m[39m[31m[1m^[22m[39m
 [90m 4 |[39m [36mimport[39m path 
[36mfrom[39m [32m'path'[39m[33m;[39m
 [90m 5 |[39m
 [90m 6 |[39m [36mexport[39m 
[36masync[39m [36mfunction[39m 
[33mGET[39m() {[0m



https://nextjs.org/docs/messages/module-not-f
ound


./app/api/indicators/route.js:2:1
Module not found: Can't resolve 'sqlite3'
[0m [90m 1 |[39m [36mimport[39m { 
[33mNextResponse[39m } [36mfrom[39m 
[32m'next/server'[39m[33m;[39m
[31m[1m>[22m[39m[90m 2 |[39m 
[36mimport[39m sqlite3 [36mfrom[39m 
[32m'sqlite3'[39m[33m;[39m
 [90m   |[39m [31m[1m^[22m[39m[31m[1m
^[22m[39m[31m[1m^[22m[39m[31m[1m^[22
m[39m[31m[1m^[22m[39m[31m[1m^[22m[39
m[31m[1m^[22m[39m[31m[1m^[22m[39m[31
m[1m^[22m[39m[31m[1m^[22m[39m[31m[1m
^[22m[39m[31m[1m^[22m[39m[31m[1m^[22
m[39m[31m[1m^[22m[39m[31m[1m^[22m[39
m[31m[1m^[22m[39m[31m[1m^[22m[39m[31
m[1m^[22m[39m[31m[1m^[22m[39m[31m[1m
^[22m[39m[31m[1m^[22m[39m[31m[1m^[22
m[39m[31m[1m^[22m[39m[31m[1m^[22m[39
m[31m[1m^[22m[39m[31m[1m^[22m[39m[31
m[1m^[22m[39m[31m[1m^[22m[39m[31m[1m
^[22m[39m[31m[1m^[22m[39m
 [90m 3 |[39m [36mimport[39m { open } 
[36mfrom[39m [32m'sqlite'[39m[33m;[39m
 [90m 4 |[39m [36mimport[39m path 
[36mfrom[39m [32m'path'[39m[33m;[39m
 [90m 5 |[39m[0m



https://nextjs.org/docs/messages/module-not-f
ound


    at <unknown> 
(./app/api/indicators/route.js:3:1)
    at <unknown> (https://nextjs.org/docs/mes
sages/module-not-found)
    at <unknown> 
(./app/api/indicators/route.js:2:1)
    at <unknown> (https://nextjs.org/docs/mes
sages/module-not-found)
